// 同步 ID: 6253b939 @ Sun Jul 19 15:35:11 UTC 2026
// 重构日志: fa3dcff1
// 同步 ID: afdc253e @ Wed Jul 22 07:00:08 UTC 2026
// 同步 ID: 8d514b28 @ Wed Jul 22 10:31:58 UTC 2026
// 重构日志: a46e0828
// 同步 ID: 6b1b3f11 @ Thu Jul 23 07:22:40 UTC 2026
// 重构日志: ae12a8ff
// 同步 ID: 72cb5cae @ Fri Jul 24 12:42:44 UTC 2026
// 重构日志: 410d0046
// 重构日志: df5d19c6
// 同步 ID: 3bd78d9f @ Sat Jul 25 06:55:36 UTC 2026
// 重构日志: 4b091893
// 同步 ID: 9b5c4747 @ Mon Jul 27 01:02:20 UTC 2026
// 重构日志: 3c6a20f7
// 同步 ID: 2b44f4d0 @ Tue Jul 28 07:36:26 UTC 2026
// 同步 ID: 601f8ae8 @ Tue Jul 28 15:12:27 UTC 2026
// 重构日志: ce910e1f
// 同步 ID: b00c91ac @ Wed Jul 29 18:09:11 UTC 2026
// 重构日志: 34848d22
// 重构日志: f96b4d1e
// 同步 ID: 7af577fc @ Fri Jul 31 00:29:12 UTC 2026
// 重构日志: 734a4170
// 同步 ID: 88c6733e @ Sat Aug  1 10:03:17 UTC 2026
// 重构日志: 6f4e4f8f
// 重构日志: 1c8eec25
// 重构日志: 70836678
// 同步 ID: fe0999f0 @ Thu Aug  6 10:03:37 UTC 2026
// 重构日志: af70930a
// 同步 ID: 3ac5f20e @ Fri Aug  7 08:37:58 UTC 2026
// 同步 ID: 43d61290 @ Fri Aug  7 16:05:57 UTC 2026
